// Vitest Snapshot v1, https://vitest.dev/guide/snapshot.html

exports[`UpdateAutoWordReminderModal component > renders form with all inputs 1`] = `
<DocumentFragment>
  <div>
    <h2
      data-testid="modal-heading"
    >
      Update Auto Word Reminder
    </h2>
    <button
      aria-label="Close modal"
    >
      X
    </button>
    <div>
      <form
        action="javascript:throw new Error('A React form was unexpectedly submitted. If you called form.submit() manually, consider using form.requestSubmit() instead. If you\\'re trying to use event.stopPropagation() in a submit event handler, consider also calling event.preventDefault().')"
        class="_modal__form_c266e3"
      >
        <div
          class="_reminder_a2fc7e"
        >
          <a
            href="https://cronprompt.com/"
          >
            Visit cronprompt for more details
          </a>
          <p
            class="_reminder__description_a2fc7e"
          >
            Every minute
          </p>
          <label
            class="_reminder__label_a2fc7e"
          >
            Reminder
            <input
              class="_reminder__input_a2fc7e"
              name="reminder"
              placeholder="Enter a valid cron expression (ie. * * * * * or */5 * * * *)"
              required=""
              type="text"
              value="* * * * *"
            />
          </label>
        </div>
        <fieldset
          class="_duration_03697c"
        >
          <legend
            class="_duration__legend_03697c"
          >
            Duration
          </legend>
          <div
            class="_duration__control_03697c"
          >
            <label
              class="_duration__label_03697c"
              for="minutes"
            >
              Minutes
            </label>
            <input
              class="_duration__input_03697c"
              id="minutes"
              max="59"
              min="0"
              name="minutes"
              required=""
              type="number"
              value="0"
            />
          </div>
          <div
            class="_duration__control_03697c"
          >
            <label
              class="_duration__label_03697c"
              for="hours"
            >
              Hours
            </label>
            <input
              class="_duration__input_03697c"
              id="hours"
              max="23"
              min="0"
              name="hours"
              required=""
              type="number"
              value="10"
            />
          </div>
          <div
            class="_duration__control_03697c"
          >
            <label
              class="_duration__label_03697c"
              for="days"
            >
              Days
            </label>
            <input
              class="_duration__input_03697c"
              id="days"
              max="30"
              min="0"
              name="days"
              required=""
              type="number"
              value="0"
            />
          </div>
          <div
            class="_duration__control_03697c"
          >
            <label
              class="_duration__label_03697c"
              for="weeks"
            >
              Weeks
            </label>
            <input
              class="_duration__input_03697c"
              id="weeks"
              max="51"
              min="0"
              name="weeks"
              required=""
              type="number"
              value="0"
            />
          </div>
        </fieldset>
        <div
          class="_modal__control_c266e3"
        >
          <label
            class="_modal__label_c266e3"
            for="word_count"
          >
            Word Count
          </label>
          <input
            class="_modal__input_c266e3"
            id="word_count"
            max="99"
            name="word_count"
            required=""
            type="number"
            value="7"
          />
        </div>
        <fieldset
          class="_modal__fieldset_c266e3"
        >
          <legend
            class="_modal__legend_c266e3"
          >
            Options
          </legend>
          <div
            class="_modal__control_c266e3"
          >
            <label
              class="_modal__label_c266e3"
              for="create_now"
            >
              Create Now
            </label>
            <input
              checked=""
              class="_modal__input_c266e3"
              id="create_now"
              name="create_now"
              type="checkbox"
            />
          </div>
          <div
            class="_modal__control_c266e3"
          >
            <label
              class="_modal__label_c266e3"
              for="is_active"
            >
              Is Active
            </label>
            <input
              checked=""
              class="_modal__input_c266e3"
              id="is_active"
              name="is_active"
              type="checkbox"
            />
          </div>
          <div
            class="_modal__control_c266e3"
          >
            <label
              class="_modal__label_c266e3"
              for="has_reminder_onload"
            >
              Has Reminder Onload
            </label>
            <input
              checked=""
              class="_modal__input_c266e3"
              id="has_reminder_onload"
              name="has_reminder_onload"
              type="checkbox"
            />
          </div>
          <div
            class="_modal__control_c266e3"
          >
            <label
              class="_modal__label_c266e3"
              for="has_learned_words"
            >
              Has Learned Words
            </label>
            <input
              class="_modal__input_c266e3"
              id="has_learned_words"
              name="has_learned_words"
              type="checkbox"
            />
          </div>
          <div
            class="_modal__control_c266e3"
          >
            <label
              class="_modal__label_c266e3"
              for="sort_mode"
            >
              Sort Mode
            </label>
            <select
              class="_modal__select_c266e3"
              id="sort_mode"
              name="sort_mode"
              required=""
            >
              <option
                class="_modal__option_c266e3"
                value="newest"
              >
                Newest
              </option>
              <option
                class="_modal__option_c266e3"
                selected=""
                value="oldest"
              >
                Oldest
              </option>
              <option
                class="_modal__option_c266e3"
                value="random"
              >
                Random
              </option>
            </select>
          </div>
        </fieldset>
        <button
          class="_modal__button_c266e3"
          type="submit"
        >
          Update
        </button>
      </form>
    </div>
  </div>
</DocumentFragment>
`;
