// Vitest Snapshot v1, https://vitest.dev/guide/snapshot.html

exports[`ImageCarousel component > shows no images placeholder when there are no images 1`] = `[Function]`;

exports[`ImageCarousel component > shows the first image by default 1`] = `
<DocumentFragment>
  <div
    class="_carousel_02d13e"
  >
    <div
      class="_carousel__images_02d13e"
    >
      <figure
        class="_carousel__item_02d13e _fade_02d13e"
      >
        <span
          class="_carousel__count_02d13e"
        >
          1/3
        </span>
        <img
          alt=""
          class="_carousel__image_02d13e"
          role="presentation"
          src="/src/assets/test/la-rocher-de-baume.jpg"
        />
        <figcaption
          class="_carousel__caption_02d13e"
        >
          La Rocher De La Baume
        </figcaption>
      </figure>
      <button
        aria-label="Previous image"
        class="_carousel__button_02d13e _carousel__button--prev_02d13e"
      >
        <svg
          class="lucide lucide-chevron-left _carousel__icon_02d13e"
          fill="none"
          height="24"
          stroke="currentColor"
          stroke-linecap="round"
          stroke-linejoin="round"
          stroke-width="2"
          viewBox="0 0 24 24"
          width="24"
          xmlns="http://www.w3.org/2000/svg"
        >
          <path
            d="m15 18-6-6 6-6"
          />
        </svg>
      </button>
      <button
        aria-label="Next image"
        class="_carousel__button_02d13e _carousel__button--next_02d13e"
      >
        <svg
          class="lucide lucide-chevron-right _carousel__icon_02d13e"
          fill="none"
          height="24"
          stroke="currentColor"
          stroke-linecap="round"
          stroke-linejoin="round"
          stroke-width="2"
          viewBox="0 0 24 24"
          width="24"
          xmlns="http://www.w3.org/2000/svg"
        >
          <path
            d="m9 18 6-6-6-6"
          />
        </svg>
      </button>
    </div>
    <div
      class="_carousel__dots_02d13e"
    >
      <button
        aria-label="Show image 1"
        class="_carousel__button_02d13e _carousel__button--dot_02d13e _carousel__button--active_02d13e"
      />
      <button
        aria-label="Show image 2"
        class="_carousel__button_02d13e _carousel__button--dot_02d13e _false_02d13e"
      />
      <button
        aria-label="Show image 3"
        class="_carousel__button_02d13e _carousel__button--dot_02d13e _false_02d13e"
      />
    </div>
  </div>
</DocumentFragment>
`;
