// Vitest Snapshot v1, https://vitest.dev/guide/snapshot.html

exports[`Duration > renders five inputs for minutes, hours, days, weeks, and months 1`] = `
<DocumentFragment>
  <fieldset
    class="_duration_03697c"
  >
    <legend
      class="_duration__legend_03697c"
    >
      Duration
    </legend>
    <div
      class="_duration__control_03697c"
    >
      <label
        class="_duration__label_03697c"
        for="minutes"
      >
        Minutes
      </label>
      <input
        class="_duration__input_03697c"
        id="minutes"
        max="59"
        min="0"
        name="minutes"
        required=""
        type="number"
        value="5"
      />
    </div>
    <div
      class="_duration__control_03697c"
    >
      <label
        class="_duration__label_03697c"
        for="hours"
      >
        Hours
      </label>
      <input
        class="_duration__input_03697c"
        id="hours"
        max="23"
        min="0"
        name="hours"
        required=""
        type="number"
        value="2"
      />
    </div>
    <div
      class="_duration__control_03697c"
    >
      <label
        class="_duration__label_03697c"
        for="days"
      >
        Days
      </label>
      <input
        class="_duration__input_03697c"
        id="days"
        max="30"
        min="0"
        name="days"
        required=""
        type="number"
        value="3"
      />
    </div>
    <div
      class="_duration__control_03697c"
    >
      <label
        class="_duration__label_03697c"
        for="weeks"
      >
        Weeks
      </label>
      <input
        class="_duration__input_03697c"
        id="weeks"
        max="51"
        min="0"
        name="weeks"
        required=""
        type="number"
        value="4"
      />
    </div>
  </fieldset>
</DocumentFragment>
`;
