// Vitest Snapshot v1, https://vitest.dev/guide/snapshot.html

exports[`CreateWordReminder component > renders button 1`] = `[Function]`;
