// Vitest Snapshot v1, https://vitest.dev/guide/snapshot.html

exports[`Words component > renders two forms that have fields for creating a text word, importing a csv file of words, searching words, sorting words, and filtering words 1`] = `[Function]`;
