// Vitest Snapshot v1, https://vitest.dev/guide/snapshot.html

exports[`CreateWordReminderModal component > renders the form with all inputs 1`] = `[Function]`;
