// Vitest Snapshot v1, https://vitest.dev/guide/snapshot.html

exports[`Loading component > renders image 1`] = `[Function]`;
