// Vitest Snapshot v1, https://vitest.dev/guide/snapshot.html

exports[`ModalContainer > renders modal with text 1`] = `[Function]`;
