// Vitest Snapshot v1, https://vitest.dev/guide/snapshot.html

exports[`Settings component > renders non disabled inputs and heading 1`] = `
<DocumentFragment>
  <section
    aria-labelledby="heading"
    class="_settings_9f5ad4"
  >
    <h2
      class="_settings__heading_9f5ad4"
      id="heading"
    >
      Change Account Details
    </h2>
    <div
      class="_settings__buttons_9f5ad4"
    >
      <input
        class="_settings__button_9f5ad4"
        id="email"
        name="email"
        type="button"
        value="Change Email"
      />
      <input
        class="_settings__button_9f5ad4"
        id="password"
        name="password"
        type="button"
        value="Change Password"
      />
      <button
        class="_settings__button_9f5ad4"
      >
        Delete User
      </button>
      <button
        class="_settings__button_9f5ad4"
        role="switch"
      >
        Toggle Theme
      </button>
    </div>
  </section>
</DocumentFragment>
`;
