// Vitest Snapshot v1, https://vitest.dev/guide/snapshot.html

exports[`ErrorMessage component > renders message 1`] = `[Function]`;
